RAM Allocation [bytes]
Variable                                                                          Address   Size
------------------------------------------------------------------------------------------------
message                                                                           0x02A1      20
rx_buffer                                                                         0x02B5       8
_base_y                                                                           0x02BD       4
_lcd_x                                                                            0x02C1       1
_lcd_y                                                                            0x02C2       1
_lcd_maxx                                                                         0x02C3       1
_seed                                                                             0x02C4       4

EEPROM Allocation [bytes]
Variable                                                                          Address   Size
------------------------------------------------------------------------------------------------

Register Allocation
Variable                                                                          Register  Size
------------------------------------------------------------------------------------------------
key                                                                               R5           1
ind                                                                               R6,R7        2
dest                                                                              R8,R9        2
addr                                                                              R10,R11      2
rx_wr_index                                                                       R4           1
rx_rd_index                                                                       R13          1
rx_counter                                                                        R12          1
rx_buffer_overflow                                                                R2.0      1bit

FLASH Allocation [words]
Function                                                                          Address   Size
------------------------------------------------------------------------------------------------
usart_rx_isr                                                                      0x000B3    130
getchar                                                                           0x00135     19
main                                                                              0x00148    145
keyboard                                                                          0x001D9     65
_lcd_write_nibble_G100                                                            0x0021A     21
_lcd_write_data                                                                   0x0022F     12
lcd_gotoxy                                                                        0x0023B     17
lcd_clear                                                                         0x0024C     14
lcd_putchar                                                                       0x0025A     32
lcd_puts                                                                          0x0027A     16
lcd_init                                                                          0x0028A     45
putchar                                                                           0x002B7      7
put_usart_G101                                                                    0x002BE     13
_print_G101                                                                       0x002CB    308
printf                                                                            0x003FF     37
strlen                                                                            0x00424     12
strlenf                                                                           0x00430     13
